// Jest Snapshot v1, https://goo.gl/fbAQLP

exports[`Button renders 1`] = `
.c0 {
  background-color: #fff;
  height: 40px;
  border: 1px solid red;
  border-radius: 4px;
}

<button
  className="c0 button "
>
  Click Me again!
</button>
`;
